// Vitest Snapshot v1, https://vitest.dev/guide/snapshot.html

exports[`compile > compiles CSS 1`] = `
".a{background-color:red;color:#ffffff;margin:13px}.test-include{margin:0;margin:0 12px}.c{background-color:red;color:#ffffff}.e{background-color:blueviolet;color:orangered}.b,.blu-class,#example, .esempio{background-color:#00ff00;color:#000000}
"
`;
